// Vitest Snapshot v1, https://vitest.dev/guide/snapshot.html

exports[`HelloWorld.vue > should render 1`] = `
"<h1 data-v-e17ea971=\\"\\">I am a message</h1>
<div data-v-e17ea971=\\"\\" class=\\"card\\"><button data-v-e17ea971=\\"\\" type=\\"button\\" class=\\"increment\\">count is 0</button>
  <p data-v-e17ea971=\\"\\"> Edit <code data-v-e17ea971=\\"\\">components/HelloWorld.vue</code> to test HMR </p>
</div>
<p data-v-e17ea971=\\"\\"> Check out <a data-v-e17ea971=\\"\\" href=\\"https://vuejs.org/guide/quick-start.html#local\\" target=\\"_blank\\">create-vue</a>, the official Vue + Vite starter </p>
<p data-v-e17ea971=\\"\\"> Install <a data-v-e17ea971=\\"\\" href=\\"https://github.com/vuejs/language-tools\\" target=\\"_blank\\">Volar</a> in your IDE for a better DX </p>
<p data-v-e17ea971=\\"\\" class=\\"read-the-docs\\">Click on the Vite and Vue logos to learn more</p>"
`;
